I'm sorry, but errors were detected in your script. Please correct the
errors listed below, and try again.


File "game/script.rpy", line 227: expected end of line
    stop sound with fade 1.0
               ^

File "game/script.rpy", line 228: expected end of line
    stop music with fade 0.5
               ^

Ren'Py Version: Ren'Py 8.1.3.23091805
Wed Dec  6 01:37:16 2023
